../Core/Src/main.c:100:6:HAL_ADC_ConvCpltCallback	16	static
../Core/Src/main.c:110:5:main	24	static
../Core/Src/main.c:189:6:SystemClock_Config	88	static
../Core/Src/main.c:239:13:MX_ADC1_Init	24	static
../Core/Src/main.c:300:13:MX_ETH_Init	8	static
../Core/Src/main.c:349:13:MX_USART3_UART_Init	8	static
../Core/Src/main.c:384:13:MX_USB_OTG_FS_PCD_Init	8	static
../Core/Src/main.c:417:13:MX_DMA_Init	16	static
../Core/Src/main.c:435:13:MX_GPIO_Init	56	static
../Core/Src/main.c:486:6:HAL_UART_RxCpltCallback	16	static
../Core/Src/main.c:502:6:Error_Handler	4	static,ignoring_inline_asm
